// Jest Snapshot v1, https://goo.gl/fbAQLP

exports[`<SpinningCircles /> component renders and matches snapshot 1`] = `
<svg
  class="icon-loading"
  data-testid="icon"
  height="58"
  viewBox="0 0 58 58"
  width="58"
>
  <g
    fill="#fff"
    fill-rule="evenodd"
    transform="translate(2 1)"
  >
    <circle
      cx="42.601"
      cy="11.462"
      r="5"
    >
      <animate
        attributeName="fill-opacity"
        begin="0s"
        calcMode="linear"
        dur="1.3s"
        repeatCount="indefinite"
        values="1;0;0;0;0;0;0;0"
      />
    </circle>
    <circle
      cx="49.063"
      cy="27.063"
      fill-opacity="0"
      r="5"
    >
      <animate
        attributeName="fill-opacity"
        begin="0s"
        calcMode="linear"
        dur="1.3s"
        repeatCount="indefinite"
        values="0;1;0;0;0;0;0;0"
      />
    </circle>
    <circle
      cx="42.601"
      cy="42.663"
      fill-opacity="0"
      r="5"
    >
      <animate
        attributeName="fill-opacity"
        begin="0s"
        calcMode="linear"
        dur="1.3s"
        repeatCount="indefinite"
        values="0;0;1;0;0;0;0;0"
      />
    </circle>
    <circle
      cx="27"
      cy="49.125"
      fill-opacity="0"
      r="5"
    >
      <animate
        attributeName="fill-opacity"
        begin="0s"
        calcMode="linear"
        dur="1.3s"
        repeatCount="indefinite"
        values="0;0;0;1;0;0;0;0"
      />
    </circle>
    <circle
      cx="11.399"
      cy="42.663"
      fill-opacity="0"
      r="5"
    >
      <animate
        attributeName="fill-opacity"
        begin="0s"
        calcMode="linear"
        dur="1.3s"
        repeatCount="indefinite"
        values="0;0;0;0;1;0;0;0"
      />
    </circle>
    <circle
      cx="4.938"
      cy="27.063"
      fill-opacity="0"
      r="5"
    >
      <animate
        attributeName="fill-opacity"
        begin="0s"
        calcMode="linear"
        dur="1.3s"
        repeatCount="indefinite"
        values="0;0;0;0;0;1;0;0"
      />
    </circle>
    <circle
      cx="11.399"
      cy="11.462"
      fill-opacity="0"
      r="5"
    >
      <animate
        attributeName="fill-opacity"
        begin="0s"
        calcMode="linear"
        dur="1.3s"
        repeatCount="indefinite"
        values="0;0;0;0;0;0;1;0"
      />
    </circle>
    <circle
      cx="27"
      cy="5"
      fill-opacity="0"
      r="5"
    >
      <animate
        attributeName="fill-opacity"
        begin="0s"
        calcMode="linear"
        dur="1.3s"
        repeatCount="indefinite"
        values="0;0;0;0;0;0;0;1"
      />
    </circle>
  </g>
</svg>
`;
