// Jest Snapshot v1, https://goo.gl/fbAQLP

exports[`<TailSpin /> component renders and matches snapshot 1`] = `
<svg
  class="icon-loading"
  data-testid="icon"
  height="38"
  viewBox="0 0 38 38"
  width="38"
>
  <defs>
    <lineargradient
      id="prefix__a"
      x1="8.042%"
      x2="65.682%"
      y1="0%"
      y2="23.865%"
    >
      <stop
        offset="0%"
        stop-opacity="0"
      />
      <stop
        offset="63.146%"
        stop-opacity="0.631"
      />
      <stop
        offset="100%"
      />
    </lineargradient>
  </defs>
  <g
    fill="none"
    fill-rule="evenodd"
    transform="translate(1 1)"
  >
    <path
      d="M36 18c0-9.94-8.06-18-18-18"
      stroke="#fff"
      stroke-width="2"
    >
      <animatetransform
        attributeName="transform"
        dur="0.9s"
        from="0 18 18"
        repeatCount="indefinite"
        to="360 18 18"
        type="rotate"
      />
    </path>
    <circle
      cx="36"
      cy="18"
      r="1"
    >
      <animatetransform
        attributeName="transform"
        dur="0.9s"
        from="0 18 18"
        repeatCount="indefinite"
        to="360 18 18"
        type="rotate"
      />
    </circle>
  </g>
</svg>
`;
